// Jest Snapshot v1, https://goo.gl/fbAQLP

exports[`should render correctly 1`] = `
<View
  style={
    [
      {
        "alignItems": "center",
        "flexDirection": "row",
        "justifyContent": "space-between",
        "padding": 24,
      },
      {},
    ]
  }
>
  <View>
    <Text
      style={
        {
          "color": "rgba(0, 0, 0, 0.9)",
          "fontSize": 18,
          "fontWeight": "500",
        }
      }
    >
      Günlük Ped Paketleri
    </Text>
    <Text
      style={
        {
          "color": "rgba(0, 0, 0, 0.6)",
          "fontSize": 14,
          "marginRight": 12,
        }
      }
    >
      10 product1
    </Text>
  </View>
  <View
    accessibilityState={
      {
        "busy": undefined,
        "checked": undefined,
        "disabled": undefined,
        "expanded": undefined,
        "selected": undefined,
      }
    }
    accessibilityValue={
      {
        "max": undefined,
        "min": undefined,
        "now": undefined,
        "text": undefined,
      }
    }
    accessible={true}
    collapsable={false}
    focusable={true}
    onClick={[Function]}
    onResponderGrant={[Function]}
    onResponderMove={[Function]}
    onResponderRelease={[Function]}
    onResponderTerminate={[Function]}
    onResponderTerminationRequest={[Function]}
    onStartShouldSetResponder={[Function]}
    style={
      {
        "opacity": 1,
      }
    }
    testID="icon-button"
  >
    <RNSVGSvgView
      align="xMidYMid"
      bbHeight={24}
      bbWidth={24}
      fill="none"
      focusable={false}
      height={24}
      meetOrSlice={0}
      minX={0}
      minY={0}
      style={
        [
          {
            "backgroundColor": "transparent",
            "borderWidth": 0,
          },
          {
            "flex": 0,
            "height": 24,
            "width": 24,
          },
        ]
      }
      testID="svg"
      vbHeight={24}
      vbWidth={24}
      width={24}
      xml="<svg xmlns:xlink="http://www.w3.org/1999/xlink"  viewBox="0 0 24 24" fill="none" xmlns="http://www.w3.org/2000/svg" width="24" height="24"><path d="M16 6v-.8c0-1.12 0-1.68-.218-2.108a2 2 0 0 0-.874-.874C14.48 2 13.92 2 12.8 2h-1.6c-1.12 0-1.68 0-2.108.218a2 2 0 0 0-.874.874C8 3.52 8 4.08 8 5.2V6m2 5.5v5m4-5v5M3 6h18m-2 0v11.2c0 1.68 0 2.52-.327 3.162a3 3 0 0 1-1.311 1.311C16.72 22 15.88 22 14.2 22H9.8c-1.68 0-2.52 0-3.162-.327a3 3 0 0 1-1.311-1.311C5 19.72 5 18.88 5 17.2V6" stroke="#343131" stroke-width="2" stroke-linecap="round" stroke-linejoin="round"></path></svg>"
      xmlns="http://www.w3.org/2000/svg"
      xmlnsXlink="http://www.w3.org/1999/xlink"
    >
      <RNSVGGroup
        fill={null}
        propList={
          [
            "fill",
          ]
        }
      >
        <RNSVGPath
          d="M16 6v-.8c0-1.12 0-1.68-.218-2.108a2 2 0 0 0-.874-.874C14.48 2 13.92 2 12.8 2h-1.6c-1.12 0-1.68 0-2.108.218a2 2 0 0 0-.874.874C8 3.52 8 4.08 8 5.2V6m2 5.5v5m4-5v5M3 6h18m-2 0v11.2c0 1.68 0 2.52-.327 3.162a3 3 0 0 1-1.311 1.311C16.72 22 15.88 22 14.2 22H9.8c-1.68 0-2.52 0-3.162-.327a3 3 0 0 1-1.311-1.311C5 19.72 5 18.88 5 17.2V6"
          fill={
            {
              "payload": 4278190080,
              "type": 0,
            }
          }
          propList={
            [
              "stroke",
              "strokeWidth",
              "strokeLinecap",
              "strokeLinejoin",
            ]
          }
          stroke={
            {
              "payload": 4281610545,
              "type": 0,
            }
          }
          strokeLinecap={1}
          strokeLinejoin={1}
          strokeWidth={2}
        />
      </RNSVGGroup>
    </RNSVGSvgView>
  </View>
</View>
`;
